Turbo Assembler	 Version 4.1	    02/17/20 09:05:50	    Page 1
boxinabo.asm



      1	0000			     .model tiny
      2	0000			     .data
      3	      =B800		     ConstGraf	     equ 0B800h
      4
      5	      =00DB		     ConstCube	     equ 219d
      6
      7	      =009E		     ConstColor	     equ 9eh
      8
      9	      =000F		     ConstPhraseClr  equ 0fh
     10	0000			     .code
     11				     org 100h
     12
     13	0100  B9 B800		     Start:	     mov cx, ConstGraf
     14	0103  8E C1				     mov es, cx
     15	0105  B9 0000				     mov cx, 0
     16	0108  B8 01F4				     mov ax, 80d*3d*2d+20d
     17	010B  EB 01 90				     jmp UpperSide
     18
     19	010E  8B D8		     UpperSide:	     mov bx, ax
     20	0110  26: C6 07	DB			     mov byte ptr es:[bx], ConstCube
     21	0114  43				     inc bx
     22	0115  26: C6 07	9E			     mov byte ptr es:[bx], ConstColor
     23	0119  41				     inc cx
     24	011A  83 F9 28				     cmp cx, 40d
     25	011D  74 05				     je	 PreLeftSide
     26	011F  05 0002				     add ax, 2d
     27	0122  EB EA				     jmp UpperSide
     28
     29	0124  B9 0000		     PreLeftSide:    mov cx, 0d
     30	0127  B8 01F4				     mov ax, 80d*3d*2d+20d
     31	012A  EB 01 90				     jmp LeftSide
     32
     33
     34	012D  05 00A0		     LeftSide:	     add ax, 160d
     35	0130  8B D8				     mov bx, ax
     36	0132  26: C6 07	DB			     mov byte ptr es:[bx], ConstCube
     37	0136  43				     inc bx
     38	0137  26: C6 07	9E			     mov byte ptr es:[bx], ConstColor
     39	013B  41				     inc cx
     40	013C  83 F9 0A				     cmp cx, 10d
     41	013F  74 02				     je	 PreRightSide
     42	0141  EB EA				     jmp LeftSide
     43
     44	0143  B9 0000		     PreRightSide:   mov cx, 0d
     45	0146  B8 0242				     mov ax, 80d*3d*2d+20d+78d
     46	0149  EB 01 90				     jmp RightSide
     47
     48	014C  05 00A0		     RightSide:	     add ax, 160d
     49	014F  8B D8				     mov bx, ax
     50	0151  26: C6 07	DB			     mov byte ptr es:[bx], ConstCube
     51	0155  43				     inc bx
     52	0156  26: C6 07	9E			     mov byte ptr es:[bx], ConstColor
     53	015A  41				     inc cx
     54	015B  83 F9 0A				     cmp cx, 10d
     55	015E  74 02				     je	 PreLowerSide
     56	0160  EB EA				     jmp RightSide
     57
Turbo Assembler	 Version 4.1	    02/17/20 09:05:50	    Page 2
boxinabo.asm



     58	0162  B9 0000		     PreLowerSide:   mov cx, 0d
     59	0165  B8 08D4				     mov ax, 80d*14d*2d	+ 20d
     60	0168  EB 01 90				     jmp LowerSide
     61
     62	016B  8B D8		     LowerSide:	     mov bx, ax
     63	016D  26: C6 07	DB			     mov byte ptr es:[bx], ConstCube
     64	0171  43				     inc bx
     65	0172  26: C6 07	9E			     mov byte ptr es:[bx], ConstColor
     66	0176  41				     inc cx
     67	0177  83 F9 28				     cmp cx, 40d
     68	017A  74 1A				     je	 PreKorobCom
     69	017C  05 0002				     add ax, 2d
     70	017F  EB EA				     jmp LowerSide
     71
     72	0181  4B 6F 72 6F 62 43	6F+  Phrase:	     db	"KorobCom is the best",0
     73	      6D 20 69 73 20 74	68+
     74	      65 20 62 65 73 74	00
     75
     76	0196  B9 0000		     PreKorobCom:    mov cx, 0d
     77	0199  BA 0479				     mov dx, 80d*7d*2 +	25d
     78	019C  C3				     ret
     79				     ;		     jmp KorobCom
     80
     81				     ;KorobCom:	     mov bx, dx
     82				     ;		     mov si, offset Phrase
     83				     ;		     add si, cx
     84				     ;		     mov ax, [si]
     85				     ;		     mov byte ptr es:[bx], ax
     86				     ;		     inc bx
     87				     ;		     mov byte ptr es:[bx], ConstPhraseClr
     88				     ;		     inc cx
     89				     ;		     cmp cx,20d
     90				     ;		     je	TheEnd
     91				     ;		     inc dx
     92				     ;		     inc dx
     93				     ;		     jmp KorobCom
     94
     95
     96	019D  C3		     TheEnd:	     ret
     97
     98				     end Start
Turbo Assembler	 Version 4.1	    02/17/20 09:05:50	    Page 3
Symbol Table




Symbol Name			  Type	 Value

??DATE				  Text	 "02/17/20"
??FILENAME			  Text	 "boxinabo"
??TIME				  Text	 "09:05:50"
??VERSION			  Number 040A
@32BIT				  Text	 0
@CODE				  Text	 DGROUP
@CODESIZE			  Text	 0
@CPU				  Text	 0101H
@CURSEG				  Text	 _TEXT
@DATA				  Text	 DGROUP
@DATASIZE			  Text	 0
@FILENAME			  Text	 BOXINABO
@INTERFACE			  Text	 000H
@MODEL				  Text	 1
@STACK				  Text	 DGROUP
@WORDSIZE			  Text	 2
CONSTCOLOR			  Number 009E
CONSTCUBE			  Number 00DB
CONSTGRAF			  Number B800
CONSTPHRASECLR			  Number 000F
LEFTSIDE			  Near	 DGROUP:012D
LOWERSIDE			  Near	 DGROUP:016B
PHRASE				  Near	 DGROUP:0181
PREKOROBCOM			  Near	 DGROUP:0196
PRELEFTSIDE			  Near	 DGROUP:0124
PRELOWERSIDE			  Near	 DGROUP:0162
PRERIGHTSIDE			  Near	 DGROUP:0143
RIGHTSIDE			  Near	 DGROUP:014C
START				  Near	 DGROUP:0100
THEEND				  Near	 DGROUP:019D
UPPERSIDE			  Near	 DGROUP:010E

Groups & Segments		  Bit Size Align  Combine Class

DGROUP				  Group
  _DATA				  16  0000 Word	  Public  DATA
  _TEXT				  16  019E Word	  Public  CODE
