Turbo Assembler	 Version 4.1	    02/17/20 02:40:25	    Page 1
ascii.ASM



      1	0000			     .model tiny
      2	0000			     .code
      3				     org 100h
      4
      5	0100  B8 0000		     Start:	     mov ax, 0
      6	0103  EB 01 90				     jmp AsciiPrint
      7
      8	0106  B4 0A		     AsciiPrint:     mov ah, 0aH
      9	0108  CD 10				     int 10h
     10	010A  B4 03				     mov ah, 03h
     11	010C  CD 10				     int 10h
     12	010E  FE C2				     inc dl
     13	0110  B4 02				     mov ah, 02h
     14	0112  CD 10				     int 10h
     15	0114  FE C0				     inc al
     16	0116  3C FF				     cmp al, 255d
     17	0118  74 07				     je	PreEnd
     18	011A  80 FA 18				     cmp dl, 18h
     19	011D  74 09				     je	NewRow
     20	011F  EB E5				     jmp AsciiPrint
     21
     22	0121  B0 00		     PreEnd:	     mov al, 0
     23	0123  B4 0A				     mov ah, 0aH
     24	0125  CD 10				     int 10h
     25	0127  C3				     ret
     26
     27	0128  8A D8		     NewRow:	     mov bl, al
     28	012A  B0 00				     mov al, 0
     29	012C  B4 0A				     mov ah, 0aH
     30	012E  CD 10				     int 10h
     31	0130  B2 00				     mov dl, 0
     32	0132  B0 0A				     mov al, 10
     33	0134  B4 0E				     mov ah, 0eH
     34	0136  CD 10				     int 10h
     35	0138  B0 0D				     mov al, 13
     36	013A  CD 10				     int 10h
     37	013C  8A C3				     mov al, bl
     38	013E  EB C6				     jmp AsciiPrint
     39
     40				     end Start
Turbo Assembler	 Version 4.1	    02/17/20 02:40:25	    Page 2
Symbol Table




Symbol Name			  Type	 Value

??DATE				  Text	 "02/17/20"
??FILENAME			  Text	 "ascii	  "
??TIME				  Text	 "02:40:25"
??VERSION			  Number 040A
@32BIT				  Text	 0
@CODE				  Text	 DGROUP
@CODESIZE			  Text	 0
@CPU				  Text	 0101H
@CURSEG				  Text	 _TEXT
@DATA				  Text	 DGROUP
@DATASIZE			  Text	 0
@FILENAME			  Text	 ASCII
@INTERFACE			  Text	 000H
@MODEL				  Text	 1
@STACK				  Text	 DGROUP
@WORDSIZE			  Text	 2
ASCIIPRINT			  Near	 DGROUP:0106
NEWROW				  Near	 DGROUP:0128
PREEND				  Near	 DGROUP:0121
START				  Near	 DGROUP:0100

Groups & Segments		  Bit Size Align  Combine Class

DGROUP				  Group
  _DATA				  16  0000 Word	  Public  DATA
  _TEXT				  16  0140 Word	  Public  CODE
